Testing Basic Types...
Basic Types OK
Testing Array...
Array OK
Testing Object...
Object OK
Testing Parser...
Parser OK
Testing Serializer...
Dump: {"a": 1,"b": [1,2]}
Serializer OK
Testing Performance (Simple)...
Inserted 10000 items in 2272.94 ms
Read 10000 items in 2234.11 ms
ALL TESTS PASSED
